[
  {
    "title": "The Lost Friend"
  },
  {
    "title": "The Dream"
  },
  {
    "title": "The Birch-Tree at Loschwitz"
  },
  {
    "title": "Sonnet"
  },
  {
    "title": "A Wall Flower"
  },
  {
    "title": "Ballade of an Omnibus"
  },
  {
    "title": "A Farewell"
  },
  {
    "title": "A London Plane-Tree"
  },
  {
    "title": "A Minor Poet"
  },
  {
    "title": "In the Black Forest"
  },
  {
    "title": "Ballade of a Special Edition"
  },
  {
    "title": "A Prayer"
  }
]