[
  {
    "title": "Monody to the Memory of Chatterton"
  },
  {
    "title": "Stanzas to the Rose"
  },
  {
    "title": "The Deserted Cottage"
  },
  {
    "title": "Sonnet XXVI: Where Antique Woods"
  },
  {
    "title": "Sonnet X: Dang'rous to Hear"
  },
  {
    "title": "Sonnet XXVII: Oh! Ye Bright Stars"
  },
  {
    "title": "Sonnet. Inscribed to Her Grace the Duchess of Devonshire"
  },
  {
    "title": "Stanzas Written under an Oak in Windsor Forest"
  },
  {
    "title": "Sonnet XXXVIII: Oh Sigh"
  },
  {
    "title": "Ode to Beauty"
  },
  {
    "title": "Sonnet XVI: Delusive Hope"
  },
  {
    "title": "Sonnet XV: Now, Round My Favour'd Grot"
  },
  {
    "title": "Sonnet XVII: Love Steals Unheeded"
  },
  {
    "title": "Ode to the Moon"
  },
  {
    "title": "Sonnet XXIX: Farewell, Ye Tow'ring Cedars"
  },
  {
    "title": "Sonnet XXXIV: Venus! To Thee"
  },
  {
    "title": "Lines on Hearing it Declared that No Women Were So Handsome as the English"
  },
  {
    "title": "Sonnet XXXV: What Means the Mist"
  },
  {
    "title": "Sonnet XLIV: Here Droops the Muse"
  },
  {
    "title": "Elegy to the Memory of Werter"
  },
  {
    "title": "Sonnet XLIII: While From the Dizzy Precipice"
  },
  {
    "title": "Ode to Despair"
  },
  {
    "title": "The Widow's Home"
  },
  {
    "title": "Life"
  },
  {
    "title": "Sonnet XXXVII: When, in the Gloomy Mansion"
  },
  {
    "title": "Sonnet XXII: Wild Is the Foaming Sea"
  },
  {
    "title": "The Bee and the Butterfly"
  },
  {
    "title": "The Adieu to Love"
  },
  {
    "title": "Elegy to the Memory of David Garrick, Esq."
  },
  {
    "title": "Ode to the Nightingale"
  },
  {
    "title": "Sonnet XXXIII: I Wake"
  },
  {
    "title": "Absence"
  },
  {
    "title": "Lines Written by the Side of a River"
  },
  {
    "title": "January, 1795"
  },
  {
    "title": "Lines to the memory of Richard Boyle, Esq."
  },
  {
    "title": "Elegy on the Death of Lady Middleton"
  },
  {
    "title": "The Mistletoe (A Christmas Tale)"
  },
  {
    "title": "The Shepherd's Dog"
  },
  {
    "title": "Sonnet XXX: O'er the Tall Cliff"
  },
  {
    "title": "Sonnet XXVIII: Weak Is the Sophistry"
  },
  {
    "title": "Sonnet to the Memory of Miss Maria Linley"
  },
  {
    "title": "Stanzas to a Friend"
  },
  {
    "title": "Sonnet XXXII: Blest As the Gods"
  },
  {
    "title": "The Reply to Time"
  },
  {
    "title": "Stanzas"
  },
  {
    "title": "Sonnet XIX: Farewell, Ye Coral Caves"
  },
  {
    "title": "Elegy to the Memory of Richard Boyle, Esq."
  },
  {
    "title": "Sonnet XXXIX: Prepare Your Wreaths"
  },
  {
    "title": "Sonnet XVIII: Why Art Thou Chang'd?"
  },
  {
    "title": "Ainsi Va le Monde"
  },
  {
    "title": "Sonnet XXV: Can'st Thou Forget"
  },
  {
    "title": "Ode to the Muse"
  },
  {
    "title": "Ode to the Muse"
  },
  {
    "title": "Sonnet XXIII: To Aetna's Lukewarm Sands"
  },
  {
    "title": "Who are you people and where's my horse?!"
  }
]